// Jest Snapshot v1, https://goo.gl/fbAQLP

exports[`App testing App renders as designed 1`] = `
<BrowserRouter>
  <div>
    <header>
      <Header />
    </header>
    <main>
      <Switch>
        <Route
          component={[Function]}
          exact={true}
          path="/"
        />
        <Route
          component={[Function]}
          exact={true}
          path="/favorites"
        />
        <Route
          component={[Function]}
          exact={true}
          path="/search"
        />
        <Route
          component={[Function]}
          exact={true}
          path="/movies/:id"
        />
        <Redirect
          push={false}
          to="/"
        />
      </Switch>
    </main>
  </div>
</BrowserRouter>
`;
